// Vitest Snapshot v1, https://vitest.dev/guide/snapshot.html

exports[`buildCalendar > matches the golden snapshot for 2026 after normalizing DTSTAMP 1`] = `
"BEGIN:VCALENDAR
VERSION:2.0
PRODID:-//Swedish Red Days//EN
NAME:Svenska röda dagar — Swedish Red Days
X-WR-CALNAME:Svenska röda dagar — Swedish Red Days
TIMEZONE-ID:Europe/Stockholm
X-WR-TIMEZONE:Europe/Stockholm
BEGIN:VEVENT
UID:2026-01-01-new-year-s-day@swedish-red-days
SEQUENCE:0
DTSTAMP:NORMALIZED
DTSTART;VALUE=DATE:20260101
X-MICROSOFT-CDO-ALLDAYEVENT:TRUE
X-MICROSOFT-MSNCALENDAR-ALLDAYEVENT:TRUE
SUMMARY:Nyårsdagen (New Year's Day)
END:VEVENT
BEGIN:VEVENT
UID:2026-01-06-epiphany@swedish-red-days
SEQUENCE:0
DTSTAMP:NORMALIZED
DTSTART;VALUE=DATE:20260106
X-MICROSOFT-CDO-ALLDAYEVENT:TRUE
X-MICROSOFT-MSNCALENDAR-ALLDAYEVENT:TRUE
SUMMARY:Trettondedag jul (Epiphany)
END:VEVENT
BEGIN:VEVENT
UID:2026-04-03-good-friday@swedish-red-days
SEQUENCE:0
DTSTAMP:NORMALIZED
DTSTART;VALUE=DATE:20260403
X-MICROSOFT-CDO-ALLDAYEVENT:TRUE
X-MICROSOFT-MSNCALENDAR-ALLDAYEVENT:TRUE
SUMMARY:Långfredagen (Good Friday)
END:VEVENT
BEGIN:VEVENT
UID:2026-04-05-easter-sunday@swedish-red-days
SEQUENCE:0
DTSTAMP:NORMALIZED
DTSTART;VALUE=DATE:20260405
X-MICROSOFT-CDO-ALLDAYEVENT:TRUE
X-MICROSOFT-MSNCALENDAR-ALLDAYEVENT:TRUE
SUMMARY:Påskdagen (Easter Sunday)
END:VEVENT
BEGIN:VEVENT
UID:2026-04-06-easter-monday@swedish-red-days
SEQUENCE:0
DTSTAMP:NORMALIZED
DTSTART;VALUE=DATE:20260406
X-MICROSOFT-CDO-ALLDAYEVENT:TRUE
X-MICROSOFT-MSNCALENDAR-ALLDAYEVENT:TRUE
SUMMARY:Annandag påsk (Easter Monday)
END:VEVENT
BEGIN:VEVENT
UID:2026-05-01-may-day@swedish-red-days
SEQUENCE:0
DTSTAMP:NORMALIZED
DTSTART;VALUE=DATE:20260501
X-MICROSOFT-CDO-ALLDAYEVENT:TRUE
X-MICROSOFT-MSNCALENDAR-ALLDAYEVENT:TRUE
SUMMARY:Första maj (May Day)
END:VEVENT
BEGIN:VEVENT
UID:2026-05-14-ascension-day@swedish-red-days
SEQUENCE:0
DTSTAMP:NORMALIZED
DTSTART;VALUE=DATE:20260514
X-MICROSOFT-CDO-ALLDAYEVENT:TRUE
X-MICROSOFT-MSNCALENDAR-ALLDAYEVENT:TRUE
SUMMARY:Kristi himmelsfärdsdag (Ascension Day)
END:VEVENT
BEGIN:VEVENT
UID:2026-05-24-whit-sunday@swedish-red-days
SEQUENCE:0
DTSTAMP:NORMALIZED
DTSTART;VALUE=DATE:20260524
X-MICROSOFT-CDO-ALLDAYEVENT:TRUE
X-MICROSOFT-MSNCALENDAR-ALLDAYEVENT:TRUE
SUMMARY:Pingstdagen (Whit Sunday)
END:VEVENT
BEGIN:VEVENT
UID:2026-06-06-national-day@swedish-red-days
SEQUENCE:0
DTSTAMP:NORMALIZED
DTSTART;VALUE=DATE:20260606
X-MICROSOFT-CDO-ALLDAYEVENT:TRUE
X-MICROSOFT-MSNCALENDAR-ALLDAYEVENT:TRUE
SUMMARY:Sveriges nationaldag (National Day)
END:VEVENT
BEGIN:VEVENT
UID:2026-06-20-midsummer-day@swedish-red-days
SEQUENCE:0
DTSTAMP:NORMALIZED
DTSTART;VALUE=DATE:20260620
X-MICROSOFT-CDO-ALLDAYEVENT:TRUE
X-MICROSOFT-MSNCALENDAR-ALLDAYEVENT:TRUE
SUMMARY:Midsommardagen (Midsummer Day)
END:VEVENT
BEGIN:VEVENT
UID:2026-10-31-all-saints-day@swedish-red-days
SEQUENCE:0
DTSTAMP:NORMALIZED
DTSTART;VALUE=DATE:20261031
X-MICROSOFT-CDO-ALLDAYEVENT:TRUE
X-MICROSOFT-MSNCALENDAR-ALLDAYEVENT:TRUE
SUMMARY:Alla helgons dag (All Saints' Day)
END:VEVENT
BEGIN:VEVENT
UID:2026-12-25-christmas-day@swedish-red-days
SEQUENCE:0
DTSTAMP:NORMALIZED
DTSTART;VALUE=DATE:20261225
X-MICROSOFT-CDO-ALLDAYEVENT:TRUE
X-MICROSOFT-MSNCALENDAR-ALLDAYEVENT:TRUE
SUMMARY:Juldagen (Christmas Day)
END:VEVENT
BEGIN:VEVENT
UID:2026-12-26-second-day-of-christmas@swedish-red-days
SEQUENCE:0
DTSTAMP:NORMALIZED
DTSTART;VALUE=DATE:20261226
X-MICROSOFT-CDO-ALLDAYEVENT:TRUE
X-MICROSOFT-MSNCALENDAR-ALLDAYEVENT:TRUE
SUMMARY:Annandag jul (Second Day of Christmas)
END:VEVENT
END:VCALENDAR"
`;
